src/App.tsx(177,52): error TS2304: Cannot find name 'ELEVATED_ADMIN_ROLES'.
src/components/AudioPlayer.tsx(47,11): error TS2451: Cannot redeclare block-scoped variable 'speech'.
src/components/AudioPlayer.tsx(48,11): error TS2451: Cannot redeclare block-scoped variable 'speech'.
src/components/cards/StoryTradingCard.tsx(106,19): error TS2339: Property 'genre' does not exist on type 'IStories'.
src/components/collab/CollabRoom.tsx(2,10): error TS2300: Duplicate identifier 'useParams'.
src/components/collab/CollabRoom.tsx(2,21): error TS2300: Duplicate identifier 'useNavigate'.
src/components/collab/CollabRoom.tsx(30,10): error TS2300: Duplicate identifier 'useParams'.
src/components/collab/CollabRoom.tsx(30,21): error TS2300: Duplicate identifier 'useNavigate'.
src/components/collab/CollabRoom.tsx(112,20): error TS2304: Cannot find name 'getSocketIo'.
src/components/collab/CollabRoom.tsx(124,20): error TS2304: Cannot find name 'getSocketIo'.
src/components/dashboard/analytics/analytics.page.tsx(59,11): error TS2554: Expected 2 arguments, but got 1.
src/components/dashboard/analytics/analytics.page.tsx(60,11): error TS2554: Expected 2 arguments, but got 1.
src/components/dashboard/analytics/analytics.page.tsx(61,11): error TS2554: Expected 2 arguments, but got 1.
src/components/dashboard/analytics/analytics.page.tsx(62,11): error TS2554: Expected 2 arguments, but got 1.
src/components/dashboard/analytics/analytics.page.tsx(63,11): error TS2554: Expected 2 arguments, but got 1.
src/components/dashboard/posts/post_lists.component.tsx(31,22): error TS2304: Cannot find name 'FilterStats'.
src/components/dashboard/posts/post_lists.component.tsx(34,42): error TS2304: Cannot find name 'Post'.
src/components/dashboard/posts/post_lists.component.tsx(35,39): error TS2304: Cannot find name 'Post'.
src/components/dashboard/posts/post_lists.component.tsx(36,41): error TS2304: Cannot find name 'Post'.
src/components/dashboard/posts/post_lists.component.tsx(46,40): error TS2304: Cannot find name 'Post'.
src/components/dashboard/posts/post_lists.component.tsx(49,40): error TS2304: Cannot find name 'Post'.
src/components/dashboard/posts/post_lists.component.tsx(52,40): error TS2304: Cannot find name 'Post'.
src/components/footer/contributors.tsx(1,10): error TS2300: Duplicate identifier 'useEffect'.
src/components/footer/contributors.tsx(1,21): error TS2300: Duplicate identifier 'useState'.
src/components/footer/contributors.tsx(3,10): error TS2300: Duplicate identifier 'Globe'.
src/components/footer/contributors.tsx(3,17): error TS2300: Duplicate identifier 'GitPullRequest'.
src/components/footer/contributors.tsx(3,33): error TS2300: Duplicate identifier 'Users'.
src/components/footer/contributors.tsx(5,10): error TS2300: Duplicate identifier 'useEffect'.
src/components/footer/contributors.tsx(5,29): error TS2300: Duplicate identifier 'useState'.
src/components/footer/contributors.tsx(7,3): error TS2300: Duplicate identifier 'Globe'.
src/components/footer/contributors.tsx(8,3): error TS2300: Duplicate identifier 'GitPullRequest'.
src/components/footer/contributors.tsx(9,3): error TS2300: Duplicate identifier 'Users'.
src/components/help_center/faq_accordion/faq_accordion.component.tsx(3,10): error TS2724: '"../help_center.utils"' has no exported member named 'FaqItem'. Did you mean 'FAQItem'?
src/components/help_center/help_sidebar/help_sidebar.component.tsx(3,10): error TS2305: Module '"../help_center.utils"' has no exported member 'HELP_SECTIONS'.
src/components/help_center/help_sidebar/help_sidebar.component.tsx(11,43): error TS7006: Parameter 'section' implicitly has an 'any' type.
src/components/help_center/help_sidebar/help_sidebar.component.tsx(29,25): error TS7006: Parameter 'id' implicitly has an 'any' type.
src/components/help_center/help_sidebar/help_sidebar.component.tsx(88,37): error TS7006: Parameter 'section' implicitly has an 'any' type.
src/components/help_center/help_sidebar/help_sidebar.component.tsx(154,31): error TS7006: Parameter 'section' implicitly has an 'any' type.
src/components/help_center/support_links/support_links.component.tsx(3,10): error TS2724: '"../help_center.utils"' has no exported member named 'SupportLink'. Did you mean 'Support_Links'?
src/components/home/latest_posts/latest_posts.component.tsx(2,10): error TS2300: Duplicate identifier 'useNavigate'.
src/components/home/latest_posts/latest_posts.component.tsx(3,10): error TS2300: Duplicate identifier 'Post'.
src/components/home/latest_posts/latest_posts.component.tsx(5,10): error TS2300: Duplicate identifier 'Post'.
src/components/home/latest_posts/latest_posts.component.tsx(7,10): error TS2300: Duplicate identifier 'useNavigate'.
src/components/home/latest_posts/latest_posts.component.tsx(52,5): error TS2304: Cannot find name 'setExpandedPostId'.
src/components/home/latest_posts/latest_posts.component.tsx(52,24): error TS7006: Parameter 'prevId' implicitly has an 'any' type.
src/components/home/latest_posts/latest_posts.component.tsx(61,32): error TS2304: Cannot find name 'expandedPostId'.
src/components/home/pricing/payment.component.tsx(28,26): error TS2304: Cannot find name 'loadRazorpayScript'.
src/components/home/pricing/payment.component.tsx(229,19): error TS2304: Cannot find name 'handlePay'.
src/components/home/pricing/payment.component.tsx(241,21): error TS2322: Type 'void' is not assignable to type 'string | number | readonly string[] | undefined'.
src/components/home/pricing/payment.component.tsx(242,38): error TS2304: Cannot find name 'setName'.
src/components/home/pricing/payment.component.tsx(262,30): error TS2304: Cannot find name 'cardNumber'.
src/components/home/pricing/payment.component.tsx(264,25): error TS2304: Cannot find name 'setCardNumber'.
src/components/home/pricing/payment.component.tsx(264,39): error TS2304: Cannot find name 'formatCardNumber'.
src/components/home/pricing/payment.component.tsx(281,30): error TS2304: Cannot find name 'expiry'.
src/components/home/pricing/payment.component.tsx(283,25): error TS2304: Cannot find name 'setExpiry'.
src/components/home/pricing/payment.component.tsx(283,35): error TS2304: Cannot find name 'formatExpiry'.
src/components/home/pricing/payment.component.tsx(297,30): error TS2304: Cannot find name 'cvv'.
src/components/home/pricing/payment.component.tsx(299,25): error TS2304: Cannot find name 'setCvv'.
src/components/home/pricing/payment.component.tsx(311,29): error TS2304: Cannot find name 'loading'.
src/components/home/pricing/payment.component.tsx(311,41): error TS2304: Cannot find name 'isFormValid'.
src/components/home/pricing/payment.component.tsx(314,20): error TS2304: Cannot find name 'loading'.
src/components/home/writer_feedback/writer_feedback.component.tsx(120,38): error TS2304: Cannot find name 'Review'.
src/components/layout/root_layout.component.tsx(61,11): error TS2322: Type '{ logo: string; isLogin: boolean; isAdmin: boolean; unreadCount: number; notifications: any[]; isOpen: boolean; toggle: () => void; close: () => void; markAsRead: (id: string) => void; handleLogout: () => void; getLinkClass: (isActive: boolean) => string; getMobileLinkClass: (isActive: boolean) => string; renderMobi...' is not assignable to type 'IntrinsicAttributes'.
  Property 'logo' does not exist on type 'IntrinsicAttributes'.
src/components/stories/stories.component.tsx(466,10): error TS2451: Cannot redeclare block-scoped variable 'selectedGenre'.
src/components/stories/stories.component.tsx(466,25): error TS2451: Cannot redeclare block-scoped variable 'setSelectedGenre'.
src/components/stories/stories.component.tsx(467,10): error TS2451: Cannot redeclare block-scoped variable 'selectedLength'.
src/components/stories/stories.component.tsx(467,26): error TS2451: Cannot redeclare block-scoped variable 'setSelectedLength'.
src/components/stories/stories.component.tsx(468,10): error TS2451: Cannot redeclare block-scoped variable 'textareaValue'.
src/components/stories/stories.component.tsx(468,25): error TS2451: Cannot redeclare block-scoped variable 'setTextareaValue'.
src/components/stories/stories.component.tsx(496,10): error TS2451: Cannot redeclare block-scoped variable 'selectedGenre'.
src/components/stories/stories.component.tsx(496,25): error TS2451: Cannot redeclare block-scoped variable 'setSelectedGenre'.
src/components/stories/stories.component.tsx(501,10): error TS2451: Cannot redeclare block-scoped variable 'selectedLength'.
src/components/stories/stories.component.tsx(501,26): error TS2451: Cannot redeclare block-scoped variable 'setSelectedLength'.
src/components/stories/stories.component.tsx(503,10): error TS2451: Cannot redeclare block-scoped variable 'textareaValue'.
src/components/stories/stories.component.tsx(503,25): error TS2451: Cannot redeclare block-scoped variable 'setTextareaValue'.
src/components/stories/stories.component.tsx(1297,2): error TS2304: Cannot find name 'totalPages'.
src/components/stories/stories.component.tsx(1300,22): error TS2304: Cannot find name 'setCurrentPage'.
src/components/stories/stories.component.tsx(1300,38): error TS7006: Parameter 'p' implicitly has an 'any' type.
src/components/stories/stories.component.tsx(1301,17): error TS2304: Cannot find name 'currentPage'.
src/components/stories/stories.component.tsx(1308,13): error TS2304: Cannot find name 'currentPage'.
src/components/stories/stories.component.tsx(1308,30): error TS2304: Cannot find name 'totalPages'.
src/components/stories/stories.component.tsx(1312,22): error TS2304: Cannot find name 'setCurrentPage'.
src/components/stories/stories.component.tsx(1312,38): error TS7006: Parameter 'p' implicitly has an 'any' type.
src/components/stories/stories.component.tsx(1313,17): error TS2304: Cannot find name 'currentPage'.
src/components/stories/stories.component.tsx(1313,33): error TS2304: Cannot find name 'totalPages'.
src/components/stories/stories.view.component.tsx(7,83): error TS2307: Cannot find module 'docx' or its corresponding type declarations.
src/components/stories/stories.view.component.tsx(8,24): error TS2307: Cannot find module 'file-saver' or its corresponding type declarations.
src/components/stories/stories.view.component.tsx(9,19): error TS2307: Cannot find module 'jszip' or its corresponding type declarations.
src/components/stories/stories.view.component.tsx(21,8): error TS2440: Import declaration conflicts with local declaration of 'StoryCoverImage'.
src/components/stories/stories.view.component.tsx(604,69): error TS2307: Cannot find module 'docx' or its corresponding type declarations.
src/components/stories/stories.view.component.tsx(903,28): error TS2339: Property 'enhancedPrompt' does not exist on type 'IStories'.
src/components/stories/stories.view.component.tsx(908,109): error TS2339: Property 'enhancedPrompt' does not exist on type 'IStories'.
src/hooks/useSpeechSynthesis.ts(321,22): error TS2448: Block-scoped variable 'selectedVoice' used before its declaration.
src/hooks/useSpeechSynthesis.ts(335,7): error TS2739: Type 'SpeechVoiceOption' is missing the following properties from type 'SpeechSynthesisVoice': default, voiceURI
